// Jest Snapshot v1, https://goo.gl/fbAQLP

exports[`Test webpack-i18n 1`] = `
"import Level1 from './level1?locale=en-US'

var text = \\"i18n:Meu texto internacionalizável\\"
console.log(Level1)"
`;

exports[`Test webpack-i18n 2`] = `
"//precisa ser atualizado para ./level2?locale=en-US
import sublevel from \\"./level2?locale=en-US\\"; //Traduzido para inglês

var text = \\"My i18n text\\";
export default sublevel;"
`;

exports[`Test webpack-i18n 3`] = `
"//precisa ser atualizado para ./level3?locale=en-US
import(\\"./level3?locale=en-US\\").then(t => console.log(t.default)); //Não pode mexer em ./level4 (excluído nas regras do webpack)

import sublevel from './level4'; //Traduzido para inglês

var text = \\"My i18n text\\";
export default sublevel;"
`;

exports[`Test webpack-i18n 4`] = `
"//Traduzido para inglês
var text = \\"My i18n text\\";
export default text;"
`;

exports[`Test webpack-i18n 5`] = `
"//Não modificado
var text = \\"i18n:Meu texto internacionalizável\\"

export default text
"
`;
