// Jest Snapshot v1, https://goo.gl/fbAQLP

exports[`works 1`] = `
"\\"use strict\\";

var _interopRequireDefault = require(\\"@babel/runtime/helpers/interopRequireDefault\\");

var _react = _interopRequireDefault(require(\\"react\\"));

function Component(props) {
  var url = \\"http://www.ignorar.esta.url.com.br\\";
  var camelCaseString = \\"IgnoreThisWord\\";
  return <div label=\\"Este \\\\xE9 um label e precisa ser extra\\\\xEDdo\\" className=\\"mb-2 ignorethis\\" max=\\"3\\">\\"Este texto precisa ser extra\\\\xEDdo\\"<span>\\"N\\\\xE3o reembols\\\\xE1vel\\"</span>
        </div>;
}"
`;
