// Jest Snapshot v1, https://goo.gl/fbAQLP

exports[`works 1`] = `
"\\"use strict\\";

var _interopRequireDefault = require(\\"@babel/runtime/helpers/interopRequireDefault\\");

Object.defineProperty(exports, \\"__esModule\\", {
  value: true
});
exports[\\"default\\"] = _default;

var _react = _interopRequireDefault(require(\\"react\\"));

function _default(props) {
  var value = {
    \\"label\\": \\"Include this text\\",
    text: \\"This text also, but without exclamation points!!!!\\",
    \\"constantName\\": \\"Ignore this text\\",
    \\"error\\": \\"Input error\\"
  };
  return <div className=\\"my-ignored-classname\\">
            <h1>     My i18n text!!!!</h1>
            <input type=\\"text\\" placeholder=\\"Username\\" />
        </div>;
}"
`;
